// Vitest Snapshot v1, https://vitest.dev/guide/snapshot.html

exports[`flow-leaderboard fixture snapshot > renders a stable board for the synthetic fixture 1`] = `
{
  "accumulation": [
    {
      "cells": [
        6,
        6,
        6,
        6,
      ],
      "flowzCap": 0.3309,
      "flowzCounts": 0.9803,
      "rank": 1,
      "reason": "4-qtr streak · 4 elite adds",
      "score": 100,
      "shrinkageFactor": 0.5,
      "streak": 4,
      "ticker": "ACCUM",
      "verifyData": false,
    },
    {
      "cells": [
        3,
        3,
        3,
        3,
      ],
      "flowzCap": 0.2836,
      "flowzCounts": 0.3606,
      "rank": 2,
      "reason": "4-qtr streak",
      "score": 31.96,
      "shrinkageFactor": 0.4286,
      "streak": 4,
      "ticker": "UNITERR",
      "verifyData": true,
    },
    {
      "cells": [
        2,
        2,
        2,
        2,
      ],
      "flowzCap": 0.1313,
      "flowzCounts": 0.1381,
      "rank": 3,
      "reason": "4-qtr streak",
      "score": 7.91,
      "shrinkageFactor": 0.2727,
      "streak": 4,
      "ticker": "HIWT3",
      "verifyData": true,
    },
    {
      "cells": [
        5,
        5,
        5,
        5,
      ],
      "flowzCap": -0.6177,
      "flowzCounts": 0.8194,
      "rank": 4,
      "reason": "4-qtr streak",
      "score": 1.84,
      "shrinkageFactor": 0.4667,
      "streak": -4,
      "ticker": "DIVERGE",
      "verifyData": false,
    },
    {
      "cells": [
        3,
        3,
      ],
      "flowzCap": 0.0347,
      "flowzCounts": 0.1779,
      "rank": 5,
      "reason": "3 adders",
      "score": 0,
      "shrinkageFactor": 0.3846,
      "streak": 2,
      "ticker": "NULLCOV",
      "verifyData": false,
    },
  ],
  "countFlowUnavailable": false,
  "distribution": [
    {
      "cells": [
        -6,
        -6,
        -6,
        -6,
      ],
      "flowzCap": -0.7521,
      "flowzCounts": -1.9777,
      "rank": 1,
      "reason": "4-qtr streak",
      "score": 100,
      "shrinkageFactor": 0.5,
      "streak": -4,
      "ticker": "DISTRIB",
      "verifyData": false,
    },
    {
      "cells": [
        0,
        0,
        0,
        0,
      ],
      "flowzCap": 0.4352,
      "flowzCounts": -0.4987,
      "rank": 2,
      "reason": "4-qtr streak",
      "score": 0,
      "shrinkageFactor": 0.4667,
      "streak": 4,
      "ticker": "DEEPEN",
      "verifyData": false,
    },
  ],
  "gatedOut": [
    {
      "reason": "flow below threshold",
      "ticker": "FLATNM",
    },
  ],
}
`;
